STATUS           PID           AGENT  MODEL          CWD              CTX              IN/OUT/CACHE       $       $/HR      TL  SA  CPU%  GPU/s    RSS
[7m[38;2;86;211;100m⠋ Busy          [m pid 1234      claude claude-opus-5  /home/u/project  ~┊[38;2;86;211;100m████[m[38;2;48;54;61m░░░░░░[m┊ 44% 60.0k/4.5k/23.1k   $0.43   $179.20/hr   4   0  9.4%   18.5   530M[0m
[38;2;210;153;34mWaiting         [m pid 5678      [38;2;110;118;129mcodex*[m [38;2;110;118;129mgpt-5.6-terra[m /home/u/repo     [[38;2;86;211;100m[m[38;2;48;54;61m░░░░░░░░░░[m]  4% 9.8k/640/0         $0.02   $0.00/hr   1   0  3.5%      —   216M
[38;2;110;118;129mUnknown         [m (pid unknown) [38;2;110;118;129mcodex*[m [38;2;110;118;129mgpt-5.6-terra…[m …me/u/other-repo [[38;2;86;211;100m[m[38;2;48;54;61m░░░░░░░░░░[m]  2% 5.0k/300/0         $0.01   $0.00/hr   0   0     —      —      —
[38;2;210;153;34mWaiting         [m (pid unknown) claude claude-nightl… …/u/side-project ~┊[38;2;86;211;100m[m[38;2;48;54;61m░░░░░░░░░░[m┊  1% 1.2k/80/0          $—      —          0   0     —      —      —
[38;2;210;153;34mWaiting         [m (pid unknown) claude claude-opus-5  /home/u/monorepo ~┊[38;2;210;153;34m████████[m[38;2;48;54;61m░░[m┊ 80% 102.0k/8.3k/49.7k  $1.10   $276.68/hr   3   3     —      —      —
  [38;2;110;118;129mfinished   [m               Explore claude-fable-… search the code…                                     $0.17           
  [38;2;110;118;129mfinished   [m               worker claude-sonnet… implement task 4                                     $0.08            
  [38;2;110;118;129mfinished   [m               worker claude-sonnet… implement task 5                                     $0.09            
[38;2;110;118;129mStale 4h        [m (pid unknown) claude claude-sonnet… …e/u/old-project ~┊[38;2;86;211;100m[m[38;2;48;54;61m░░░░░░░░░░[m┊  0% 500/40/0           $0.00   $0.00/hr   0   0     —      —      —
                                                                                                                        
                                                                                                                        
                                                                                                                        
                                                                                                                        
                                                                                                                        
                                                                                                                        
                                                                                                                        
                                                                                                                        
                                                                                                                        
                                                                                                                        
                                                                                                                        
                                                                                                                        
                                                                                                                        
                                                                                                                        
                                                                                                                        
                                                                                                                        
                                                                                                                        
                                                                                                                        
                                                                                                                        
                                                                                                                        
                                                                                                                        
                                                                                                                        
                                                                                                                        
                                                                                                                        
                                                                                                                        
                                                                                                                        
                                                                                                                        
Machine  2.0W total  |  [38;2;248;81;73m$455.88/hr[m total  |  $1.56 session total  |  wattop self 0.0% CPU                               
1 models unpriced: claude-nightly-experimental                                                                          
[38;2;110;118;129mCosts are estimates from a pricing table and ignore subscription plans.[m                                                 