[38;2;48;54;61m─ [m[38;2;88;166;255mwattop / Apple M5 Max[m[38;2;48;54;61m ────────────────────────────────────────────────────────────────────────────────────────────────[m
[38;2;110;118;129mCOMPUTE / MEMORY / POWER[m                                                                                                
P (12)   [[38;2;248;81;73m███████████████████[m[38;2;48;54;61m░[m]  97.4%  1550 MHz                                                                        
S (6)    [[38;2;86;211;100m███████████[m[38;2;48;54;61m░░░░░░░░░[m]  53.6%  2328 MHz                                                                        
GPU (40) [[38;2;188;140;255m█[m[38;2;48;54;61m░░░░░░░░░░░░░░░░░░░[m]   7.0%  338 MHz                                                                         
Power  CPU 2.7W  GPU 0.1W  ANE 0.0W  DRAM 0.6W  Sys 14.5W                                                               
BW     DRAM R —  W —  ANE —                                                                                             
Temp   CPU 51.3°C  GPU 51.3°C  SOC 51.3°C                                                                               
Fans   Fan 0 2319 RPM  Fan 1 2503 RPM                                                                                   
Thermal  [38;2;121;192;255mNominal[m                                                                                                        
Mem    46.5/137.4 GB  Swap 0.8/2.1 GB                                                                                   
Net    ↓3.7 KB/s ↑26.5 KB/s   Disk R 189.2 KB/s W 2.8 MB/s                                                              
                                                                                                                        
                                                                                                                        
                                                                                                                        
                                                                                                                        
                                                                                                                        
                                                                                                                        
                                                                                                                        
                                                                                                                        
                                                                                                                        
                                                                                                                        
                                                                                                                        
                                                                                                                        
                                                                                                                        
                                                                                                                        
                                                                                                                        
                                                                                                                        
                                                                                                                        
                                                                                                                        
                                                                                                                        
                                                                                                                        
                                                                                                                        
                                                                                                                        
                                                                                                                        
                                                                                                                        
                                                                                                                        
                                                                                                                        
                                                                                                                        
                                                                                                                        